[dotenv@17.2.3] injecting env (0) from .env -- tip: ≡ƒ¢á∩╕Å  run anywhere with `dotenvx run -- yourcommand`

Running 2 tests using 2 workers

[1A[2K[dotenv@17.2.3] injecting env (0) from .env -- tip: ≡ƒ¢á∩╕Å  run anywhere with `dotenvx run -- yourcommand`

[1A[2K[dotenv@17.2.3] injecting env (0) from .env -- tip: ΓÜÖ∩╕Å  load multiple .env files with { path: ['.env.local', '.env'] }

[1A[2K[1/2] [chromium-desktop] ΓÇ║ tests\user-journeys\checkout.spec.ts:11:9 ΓÇ║ Checkout Process & Bundling ΓÇ║ Verify Course Bundling, Validity and Pricing
[1A[2K[2/2] [chromium-mobile] ΓÇ║ tests\user-journeys\checkout.spec.ts:11:9 ΓÇ║ Checkout Process & Bundling ΓÇ║ Verify Course Bundling, Validity and Pricing
[1A[2K[chromium-desktop] ΓÇ║ tests\user-journeys\checkout.spec.ts:11:9 ΓÇ║ Checkout Process & Bundling ΓÇ║ Verify Course Bundling, Validity and Pricing
[Test] Verifying Single Course Validity...

[1A[2K[Test] Single Course Validity Verified.

[1A[2K[Test] Verifying Bundling Logic...

[1A[2K[Test] Adding Level 2 Course...

[1A[2K[Test] Level 1 and Level 2 are in cart.

[1A[2K[Test] Verifying Level 3 cannot be added...

[1A[2K[Test] Verifying Bundle Validity...

[1A[2K[Test] Bundle Validity Verified.

[1A[2K[Test] Proceeding to Price Details...

[1A[2K[Test] Price Details Header Visible.

[1A[2K[Test] Verifying Coupon Logic...

[1A[2K[CheckoutPage] Applying coupon code: INVALIDCODE123

[1A[2K[CheckoutPage] "Change" button found. Clicking...

[1A[2K[CheckoutPage] Clicking Apply...

[1A[2K[CheckoutPage] Error message appeared.

[1A[2K[Test] Invalid Coupon Error Verified.

[1A[2K[Test] Verifying Reversion to Best Coupon...

[1A[2K[Test] Coupon Reversion Verified.

[1A[2K[Test] Verifying Payment Flow...

[1A[2K[Test] Clicking Proceed to Pay...

[1A[2K[Test] Waiting for Razorpay Modal...

[1A[2K[Test] Razorpay Modal Loaded.

[1A[2K  1) [chromium-desktop] ΓÇ║ tests\user-journeys\checkout.spec.ts:11:9 ΓÇ║ Checkout Process & Bundling ΓÇ║ Verify Course Bundling, Validity and Pricing 

    Error: [2mexpect([22m[31mlocator[39m[2m).[22mtoHaveText[2m([22m[32mexpected[39m[2m)[22m failed

    Locator:  locator('iframe[class="razorpay-checkout-frame"], iframe[src*="razorpay.com"]').contentFrame().getByTestId('merchantName')
    Expected: [32m"TLE Eliminators"[39m
    Received: [31m"TLE Eliminators[7m  Razorpay Trusted Business [27m"[39m
    Timeout:  5000ms

    Call log:
    [2m  - Expect "toHaveText" with timeout 5000ms[22m
    [2m  - waiting for locator('iframe[class="razorpay-checkout-frame"], iframe[src*="razorpay.com"]').contentFrame().getByTestId('merchantName')[22m
    [2m    8 ├ù locator resolved to <div data-testid="merchantName" class="flex max-w-full flex-col items-start text-center truncate">ΓÇª</div>[22m
    [2m      - unexpected value "TLE Eliminators  Razorpay Trusted Business "[22m


      115 |
      116 |             // Verify Merchant Name
    > 117 |             await expect(paymentPage.merchantName).toHaveText('TLE Eliminators');
          |                                                    ^
      118 |             console.log('[Test] Merchant Name Verified: TLE Eliminators');
      119 |
      120 |             // Verify Payment Options
        at C:\Users\MSI PC\tle-qa-atumation\tests\user-journeys\checkout.spec.ts:117:52
        at C:\Users\MSI PC\tle-qa-atumation\tests\user-journeys\checkout.spec.ts:103:9

    Error: apiRequestContext._wrapApiCall: ENOENT: no such file or directory, open 'C:\Users\MSI PC\tle-qa-atumation\test-results\.playwright-artifacts-0\traces\3bb189287ec84cde9692-5d8e6596bebbdb7075b4.network'

    Error: ENOENT: no such file or directory, open 'C:\Users\MSI PC\tle-qa-atumation\test-results\.playwright-artifacts-0\55f88bc71db3230910f6d1f7a789a15f.zip'

    [31mTest timeout of 30000ms exceeded.[39m

    attachment #1: screenshot (image/png) ΓöÇΓöÇΓöÇΓöÇΓöÇΓöÇΓöÇΓöÇΓöÇΓöÇΓöÇΓöÇΓöÇΓöÇΓöÇΓöÇΓöÇΓöÇΓöÇΓöÇΓöÇΓöÇΓöÇΓöÇΓöÇΓöÇΓöÇΓöÇΓöÇΓöÇΓöÇΓöÇΓöÇΓöÇΓöÇΓöÇΓöÇΓöÇΓöÇΓöÇΓöÇΓöÇΓöÇΓöÇΓöÇΓöÇΓöÇΓöÇΓöÇΓöÇΓöÇΓöÇΓöÇΓöÇΓöÇΓöÇΓöÇΓöÇ
    test-results\user-journeys-checkout-Che-b49c6-ndling-Validity-and-Pricing-chromium-desktop\test-failed-1.png
    ΓöÇΓöÇΓöÇΓöÇΓöÇΓöÇΓöÇΓöÇΓöÇΓöÇΓöÇΓöÇΓöÇΓöÇΓöÇΓöÇΓöÇΓöÇΓöÇΓöÇΓöÇΓöÇΓöÇΓöÇΓöÇΓöÇΓöÇΓöÇΓöÇΓöÇΓöÇΓöÇΓöÇΓöÇΓöÇΓöÇΓöÇΓöÇΓöÇΓöÇΓöÇΓöÇΓöÇΓöÇΓöÇΓöÇΓöÇΓöÇΓöÇΓöÇΓöÇΓöÇΓöÇΓöÇΓöÇΓöÇΓöÇΓöÇΓöÇΓöÇΓöÇΓöÇΓöÇΓöÇΓöÇΓöÇΓöÇΓöÇΓöÇΓöÇΓöÇΓöÇΓöÇΓöÇΓöÇΓöÇΓöÇΓöÇΓöÇΓöÇΓöÇΓöÇΓöÇΓöÇΓöÇΓöÇΓöÇΓöÇΓöÇΓöÇΓöÇΓöÇΓöÇΓöÇΓöÇΓöÇ

    attachment #2: screenshot (image/png) ΓöÇΓöÇΓöÇΓöÇΓöÇΓöÇΓöÇΓöÇΓöÇΓöÇΓöÇΓöÇΓöÇΓöÇΓöÇΓöÇΓöÇΓöÇΓöÇΓöÇΓöÇΓöÇΓöÇΓöÇΓöÇΓöÇΓöÇΓöÇΓöÇΓöÇΓöÇΓöÇΓöÇΓöÇΓöÇΓöÇΓöÇΓöÇΓöÇΓöÇΓöÇΓöÇΓöÇΓöÇΓöÇΓöÇΓöÇΓöÇΓöÇΓöÇΓöÇΓöÇΓöÇΓöÇΓöÇΓöÇΓöÇΓöÇ
    test-results\user-journeys-checkout-Che-b49c6-ndling-Validity-and-Pricing-chromium-desktop\test-failed-2.png
    ΓöÇΓöÇΓöÇΓöÇΓöÇΓöÇΓöÇΓöÇΓöÇΓöÇΓöÇΓöÇΓöÇΓöÇΓöÇΓöÇΓöÇΓöÇΓöÇΓöÇΓöÇΓöÇΓöÇΓöÇΓöÇΓöÇΓöÇΓöÇΓöÇΓöÇΓöÇΓöÇΓöÇΓöÇΓöÇΓöÇΓöÇΓöÇΓöÇΓöÇΓöÇΓöÇΓöÇΓöÇΓöÇΓöÇΓöÇΓöÇΓöÇΓöÇΓöÇΓöÇΓöÇΓöÇΓöÇΓöÇΓöÇΓöÇΓöÇΓöÇΓöÇΓöÇΓöÇΓöÇΓöÇΓöÇΓöÇΓöÇΓöÇΓöÇΓöÇΓöÇΓöÇΓöÇΓöÇΓöÇΓöÇΓöÇΓöÇΓöÇΓöÇΓöÇΓöÇΓöÇΓöÇΓöÇΓöÇΓöÇΓöÇΓöÇΓöÇΓöÇΓöÇΓöÇΓöÇΓöÇ

    Error Context: test-results\user-journeys-checkout-Che-b49c6-ndling-Validity-and-Pricing-chromium-desktop\error-context.md


[1A[2K  2) [chromium-mobile] ΓÇ║ tests\user-journeys\checkout.spec.ts:11:9 ΓÇ║ Checkout Process & Bundling ΓÇ║ Verify Course Bundling, Validity and Pricing 

    [31mTest timeout of 30000ms exceeded.[39m

    Error: apiRequestContext._wrapApiCall: ENOENT: no such file or directory, open 'C:\Users\MSI PC\tle-qa-atumation\test-results\.playwright-artifacts-1\traces\3bb189287ec84cde9692-cb782d18097235b8f6a0.trace'

    Error: locator.click: Test ended.
    Call log:
    [2m  - waiting for getByRole('link', { name: 'Courses', exact: true })[22m


       at ..\src\pages\HomePage.ts:24

      22 |
      23 |     async clickCourses() {
    > 24 |         await this.coursesLink.click();
         |                                ^
      25 |     }
      26 | }
      27 |
        at HomePage.clickCourses (C:\Users\MSI PC\tle-qa-atumation\src\pages\HomePage.ts:24:32)
        at C:\Users\MSI PC\tle-qa-atumation\tests\user-journeys\checkout.spec.ts:18:24

    Error: ENOENT: no such file or directory, open 'C:\Users\MSI PC\tle-qa-atumation\test-results\.playwright-artifacts-1\e7fb8267f92fa400eb8d86231f0b0cb3.zip'

    [31mTest timeout of 30000ms exceeded.[39m

    attachment #1: screenshot (image/png) ΓöÇΓöÇΓöÇΓöÇΓöÇΓöÇΓöÇΓöÇΓöÇΓöÇΓöÇΓöÇΓöÇΓöÇΓöÇΓöÇΓöÇΓöÇΓöÇΓöÇΓöÇΓöÇΓöÇΓöÇΓöÇΓöÇΓöÇΓöÇΓöÇΓöÇΓöÇΓöÇΓöÇΓöÇΓöÇΓöÇΓöÇΓöÇΓöÇΓöÇΓöÇΓöÇΓöÇΓöÇΓöÇΓöÇΓöÇΓöÇΓöÇΓöÇΓöÇΓöÇΓöÇΓöÇΓöÇΓöÇΓöÇΓöÇ
    test-results\user-journeys-checkout-Che-b49c6-ndling-Validity-and-Pricing-chromium-mobile\test-failed-1.png
    ΓöÇΓöÇΓöÇΓöÇΓöÇΓöÇΓöÇΓöÇΓöÇΓöÇΓöÇΓöÇΓöÇΓöÇΓöÇΓöÇΓöÇΓöÇΓöÇΓöÇΓöÇΓöÇΓöÇΓöÇΓöÇΓöÇΓöÇΓöÇΓöÇΓöÇΓöÇΓöÇΓöÇΓöÇΓöÇΓöÇΓöÇΓöÇΓöÇΓöÇΓöÇΓöÇΓöÇΓöÇΓöÇΓöÇΓöÇΓöÇΓöÇΓöÇΓöÇΓöÇΓöÇΓöÇΓöÇΓöÇΓöÇΓöÇΓöÇΓöÇΓöÇΓöÇΓöÇΓöÇΓöÇΓöÇΓöÇΓöÇΓöÇΓöÇΓöÇΓöÇΓöÇΓöÇΓöÇΓöÇΓöÇΓöÇΓöÇΓöÇΓöÇΓöÇΓöÇΓöÇΓöÇΓöÇΓöÇΓöÇΓöÇΓöÇΓöÇΓöÇΓöÇΓöÇΓöÇΓöÇ

    Error Context: test-results\user-journeys-checkout-Che-b49c6-ndling-Validity-and-Pricing-chromium-mobile\error-context.md


[1A[2K  2 failed
    [chromium-desktop] ΓÇ║ tests\user-journeys\checkout.spec.ts:11:9 ΓÇ║ Checkout Process & Bundling ΓÇ║ Verify Course Bundling, Validity and Pricing 
    [chromium-mobile] ΓÇ║ tests\user-journeys\checkout.spec.ts:11:9 ΓÇ║ Checkout Process & Bundling ΓÇ║ Verify Course Bundling, Validity and Pricing 

[36m  Serving HTML report at http://localhost:62472. Press Ctrl+C to quit.[39m
